Processing Event Number 1 stream 1 # 1 stream 2 # 1
good event in stream 1 # 9
particle 1 barcode 1
particle 2 barcode 2
particle 3 barcode 3
particle 4 barcode 4
particle 5 barcode 5
particle 6 barcode 6
particle 7 barcode 7
particle 8 barcode 8
particle 9 barcode 9
particle 10 barcode 10
particle 11 barcode 11
particle 12 barcode 12
particle 13 barcode 13
particle 14 barcode 14
particle 15 barcode 15
particle 16 barcode 16
particle 17 barcode 17
particle 18 barcode 18
particle 19 barcode 19
particle 20 barcode 20
particle 21 barcode 21
particle 22 barcode 22
particle 23 barcode 23
particle 24 barcode 24
particle 25 barcode 25
particle 26 barcode 26
particle 27 barcode 27
particle 28 barcode 28
particle 29 barcode 29
particle 30 barcode 30
particle 31 barcode 31
particle 32 barcode 32
particle 33 barcode 33
particle 34 barcode 34
particle 35 barcode 35
particle 36 barcode 36
particle 37 barcode 37
particle 38 barcode 38
particle 39 barcode 39
particle 40 barcode 40
particle 41 barcode 41
particle 42 barcode 42
particle 43 barcode 43
particle 44 barcode 44
particle 45 barcode 45
particle 46 barcode 46
particle 47 barcode 47
particle 48 barcode 48
particle 49 barcode 49
particle 50 barcode 50
particle 51 barcode 51
particle 52 barcode 52
particle 53 barcode 53
particle 54 barcode 54
particle 55 barcode 55
particle 56 barcode 56
particle 57 barcode 57
particle 58 barcode 58
particle 59 barcode 59
particle 60 barcode 60
particle 61 barcode 61
particle 62 barcode 62
particle 63 barcode 63
particle 64 barcode 64
particle 65 barcode 65
particle 66 barcode 66
particle 67 barcode 67
particle 68 barcode 68
particle 69 barcode 69
particle 70 barcode 70
particle 71 barcode 71
particle 72 barcode 72
particle 73 barcode 73
particle 74 barcode 74
particle 75 barcode 75
particle 76 barcode 76
particle 77 barcode 77
particle 78 barcode 78
particle 79 barcode 79
particle 80 barcode 80
particle 81 barcode 81
particle 82 barcode 82
particle 83 barcode 83
particle 84 barcode 84
particle 85 barcode 85
particle 86 barcode 86
particle 87 barcode 87
particle 88 barcode 88
particle 89 barcode 89
particle 90 barcode 90
particle 91 barcode 91
particle 92 barcode 92
particle 93 barcode 93
particle 94 barcode 94
particle 95 barcode 95
particle 96 barcode 96
particle 97 barcode 97
particle 98 barcode 98
particle 99 barcode 99
particle 100 barcode 100
particle 101 barcode 101
particle 102 barcode 102
particle 103 barcode 103
particle 104 barcode 104
particle 105 barcode 105
particle 106 barcode 106
particle 107 barcode 107
particle 108 barcode 108
particle 109 barcode 109
particle 110 barcode 110
particle 111 barcode 111
particle 112 barcode 112
particle 113 barcode 113
particle 114 barcode 114
particle 115 barcode 115
particle 116 barcode 116
particle 117 barcode 117
particle 118 barcode 118
particle 119 barcode 119
particle 120 barcode 120
particle 121 barcode 121
particle 122 barcode 122
particle 123 barcode 123
particle 124 barcode 124
particle 125 barcode 125
particle 126 barcode 126
particle 127 barcode 127
particle 128 barcode 128
particle 129 barcode 129
particle 130 barcode 130
particle 131 barcode 131
particle 132 barcode 132
particle 133 barcode 133
particle 134 barcode 134
particle 135 barcode 135
particle 136 barcode 136
particle 137 barcode 137
particle 138 barcode 138
particle 139 barcode 139
particle 140 barcode 140
particle 141 barcode 141
particle 142 barcode 142
particle 143 barcode 143
particle 144 barcode 144
particle 145 barcode 145
particle 146 barcode 146
particle 147 barcode 147
particle 148 barcode 148
particle 149 barcode 149
particle 150 barcode 150
particle 151 barcode 151
particle 152 barcode 152
particle 153 barcode 153
particle 154 barcode 154
particle 155 barcode 155
particle 156 barcode 156
particle 157 barcode 157
particle 158 barcode 158
particle 159 barcode 159
particle 160 barcode 160
particle 161 barcode 161
particle 162 barcode 162
particle 163 barcode 163
particle 164 barcode 164
particle 165 barcode 165
particle 166 barcode 166
particle 167 barcode 167
particle 168 barcode 168
particle 169 barcode 169
particle 170 barcode 170
particle 171 barcode 171
particle 172 barcode 172
particle 173 barcode 173
particle 174 barcode 174
particle 175 barcode 175
particle 176 barcode 176
particle 177 barcode 177
particle 178 barcode 178
particle 179 barcode 179
particle 180 barcode 180
particle 181 barcode 181
particle 182 barcode 182
particle 183 barcode 183
particle 184 barcode 184
particle 185 barcode 185
particle 186 barcode 186
particle 187 barcode 187
particle 188 barcode 188
particle 189 barcode 189
particle 190 barcode 190
particle 191 barcode 191
particle 192 barcode 192
particle 193 barcode 193
particle 194 barcode 194
particle 195 barcode 195
particle 196 barcode 196
particle 197 barcode 197
particle 198 barcode 198
particle 199 barcode 199
particle 200 barcode 200
particle 201 barcode 201
particle 202 barcode 202
particle 203 barcode 203
particle 204 barcode 204
particle 205 barcode 205
particle 206 barcode 206
particle 207 barcode 207
particle 208 barcode 208
particle 209 barcode 209
particle 210 barcode 210
particle 211 barcode 211
particle 212 barcode 212
particle 213 barcode 213
particle 214 barcode 214
particle 215 barcode 215
particle 216 barcode 216
particle 217 barcode 217
particle 218 barcode 218
particle 219 barcode 219
particle 220 barcode 220
particle 221 barcode 221
particle 222 barcode 222
particle 223 barcode 223
particle 224 barcode 224
particle 225 barcode 225
particle 226 barcode 226
particle 227 barcode 227
particle 228 barcode 228
particle 229 barcode 229
particle 230 barcode 230
particle 231 barcode 231
particle 232 barcode 232
particle 233 barcode 233
particle 234 barcode 234
particle 235 barcode 235
particle 236 barcode 236
particle 237 barcode 237
particle 238 barcode 238
particle 239 barcode 239
particle 240 barcode 240
particle 241 barcode 241
particle 242 barcode 242
particle 243 barcode 243
particle 244 barcode 244
particle 245 barcode 245
particle 246 barcode 246
particle 247 barcode 247
particle 248 barcode 248
particle 249 barcode 249
particle 250 barcode 250
particle 251 barcode 251
particle 252 barcode 252
particle 253 barcode 253
particle 254 barcode 254
particle 255 barcode 255
particle 256 barcode 256
particle 257 barcode 257
particle 258 barcode 258
particle 259 barcode 259
particle 260 barcode 260
particle 261 barcode 261
particle 262 barcode 262
particle 263 barcode 263
particle 264 barcode 264
particle 265 barcode 265
particle 266 barcode 266
particle 267 barcode 267
particle 268 barcode 268
particle 269 barcode 269
particle 270 barcode 270
particle 271 barcode 271
particle 272 barcode 272
particle 273 barcode 273
particle 274 barcode 274
particle 275 barcode 275
particle 276 barcode 276
particle 277 barcode 277
particle 278 barcode 278
particle 279 barcode 279
particle 280 barcode 280
particle 281 barcode 281
particle 282 barcode 282
particle 283 barcode 283
particle 284 barcode 284
particle 285 barcode 285
particle 286 barcode 286
particle 287 barcode 287
particle 288 barcode 288
particle 289 barcode 289
particle 290 barcode 290
particle 291 barcode 291
particle 292 barcode 292
particle 293 barcode 293
particle 294 barcode 294
particle 295 barcode 295
particle 296 barcode 296
particle 297 barcode 297
particle 298 barcode 298
particle 299 barcode 299
particle 300 barcode 300
particle 301 barcode 301
particle 302 barcode 302
particle 303 barcode 303
particle 304 barcode 304
particle 305 barcode 305
particle 306 barcode 306
particle 307 barcode 307
particle 308 barcode 308
particle 309 barcode 309
particle 310 barcode 310
particle 311 barcode 311
particle 312 barcode 312
particle 313 barcode 313
particle 314 barcode 314
particle 315 barcode 315
particle 316 barcode 316
particle 317 barcode 317
particle 318 barcode 318
particle 319 barcode 319
particle 320 barcode 320
particle 321 barcode 321
particle 322 barcode 322
particle 323 barcode 323
particle 324 barcode 324
particle 325 barcode 325
particle 326 barcode 326
particle 327 barcode 327
particle 328 barcode 328
particle 329 barcode 329
particle 330 barcode 330
particle 331 barcode 331
particle 332 barcode 332
particle 333 barcode 333
particle 334 barcode 334
particle 335 barcode 335
particle 336 barcode 336
particle 337 barcode 337
particle 338 barcode 338
particle 339 barcode 339
particle 340 barcode 340
particle 341 barcode 341
particle 342 barcode 342
particle 343 barcode 343
particle 344 barcode 344
particle 345 barcode 345
particle 346 barcode 346
particle 347 barcode 347
particle 348 barcode 348
particle 349 barcode 349
particle 350 barcode 350
particle 351 barcode 351
particle 352 barcode 352
particle 353 barcode 353
particle 354 barcode 354
particle 355 barcode 355
particle 356 barcode 356
particle 357 barcode 357
particle 358 barcode 358
particle 359 barcode 359
particle 360 barcode 360
particle 361 barcode 361
particle 362 barcode 362
particle 363 barcode 363
particle 364 barcode 364
particle 365 barcode 365
particle 366 barcode 366
particle 367 barcode 367
particle 368 barcode 368
particle 369 barcode 369
particle 370 barcode 370
particle 371 barcode 371
particle 372 barcode 372
particle 373 barcode 373
particle 374 barcode 374
particle 375 barcode 375
particle 376 barcode 376
particle 377 barcode 377
particle 378 barcode 378
particle 379 barcode 379
particle 380 barcode 380
particle 381 barcode 381
particle 382 barcode 382
particle 383 barcode 383
particle 384 barcode 384
particle 385 barcode 385
particle 386 barcode 386
particle 387 barcode 387
particle 388 barcode 388
particle 389 barcode 389
particle 390 barcode 390
particle 391 barcode 391
particle 392 barcode 392
particle 393 barcode 393
particle 394 barcode 394
particle 395 barcode 395
particle 396 barcode 396
particle 397 barcode 397
particle 398 barcode 398
particle 399 barcode 399
particle 400 barcode 400
particle 401 barcode 401
particle 402 barcode 402
particle 403 barcode 403
particle 404 barcode 404
particle 405 barcode 405
particle 406 barcode 406
particle 407 barcode 407
particle 408 barcode 408
particle 409 barcode 409
particle 410 barcode 410
particle 411 barcode 411
particle 412 barcode 412
particle 413 barcode 413
particle 414 barcode 414
particle 415 barcode 415
particle 416 barcode 416
particle 417 barcode 417
particle 418 barcode 418
particle 419 barcode 419
particle 420 barcode 420
particle 421 barcode 421
particle 422 barcode 422
particle 423 barcode 423
particle 424 barcode 424
particle 425 barcode 425
particle 426 barcode 426
particle 427 barcode 427
particle 428 barcode 428
particle 429 barcode 429
particle 430 barcode 430
particle 431 barcode 431
particle 432 barcode 432
particle 433 barcode 433
particle 434 barcode 434
particle 435 barcode 435
particle 436 barcode 436
particle 437 barcode 437
particle 438 barcode 438
particle 439 barcode 439
particle 440 barcode 440
particle 441 barcode 441
particle 442 barcode 442
particle 443 barcode 443
particle 444 barcode 444
particle 445 barcode 445
particle 446 barcode 446
particle 447 barcode 447
particle 448 barcode 448
particle 449 barcode 449
particle 450 barcode 450
particle 451 barcode 451
particle 452 barcode 452
particle 453 barcode 453
particle 454 barcode 454
particle 455 barcode 455
particle 456 barcode 456
particle 457 barcode 457
particle 458 barcode 458
particle 459 barcode 459
particle 460 barcode 460
particle 461 barcode 461
particle 462 barcode 462
particle 463 barcode 463
particle 464 barcode 464
particle 465 barcode 465
particle 466 barcode 466
particle 467 barcode 467
particle 468 barcode 468
particle 469 barcode 469
particle 470 barcode 470
particle 471 barcode 471
particle 472 barcode 472
particle 473 barcode 473
particle 474 barcode 474
particle 475 barcode 475
particle 476 barcode 476
particle 477 barcode 477
particle 478 barcode 478
particle 479 barcode 479
particle 480 barcode 480
particle 481 barcode 481
particle 482 barcode 482
particle 483 barcode 483
particle 484 barcode 484
particle 485 barcode 485
particle 486 barcode 486
particle 487 barcode 487
particle 488 barcode 488
particle 489 barcode 489
particle 490 barcode 490
particle 491 barcode 491
particle 492 barcode 492
particle 493 barcode 493
particle 494 barcode 494
particle 495 barcode 495
particle 496 barcode 496
particle 497 barcode 497
particle 498 barcode 498
particle 499 barcode 499
particle 500 barcode 500
particle 501 barcode 501
particle 502 barcode 502
particle 503 barcode 503
particle 504 barcode 504
particle 505 barcode 505
particle 506 barcode 506
particle 507 barcode 507
particle 508 barcode 508
particle 509 barcode 509
particle 510 barcode 510
particle 511 barcode 511
particle 512 barcode 512
particle 513 barcode 513
particle 514 barcode 514
particle 515 barcode 515
particle 516 barcode 516
particle 517 barcode 517
particle 518 barcode 518
particle 519 barcode 519
particle 520 barcode 520
particle 521 barcode 521
particle 522 barcode 522
particle 523 barcode 523
particle 524 barcode 524
particle 525 barcode 525
particle 526 barcode 526
particle 527 barcode 527
particle 528 barcode 528
particle 529 barcode 529
particle 530 barcode 530
particle 531 barcode 531
particle 532 barcode 532
particle 533 barcode 533
particle 534 barcode 534
particle 535 barcode 535
particle 536 barcode 536
particle 537 barcode 537
particle 538 barcode 538
particle 539 barcode 539
particle 540 barcode 540
particle 541 barcode 541
particle 542 barcode 542
particle 543 barcode 543
particle 544 barcode 544
particle 545 barcode 545
particle 546 barcode 546
particle 547 barcode 547
particle 548 barcode 548
particle 549 barcode 549
particle 550 barcode 550
particle 551 barcode 551
particle 552 barcode 552
particle 553 barcode 553
particle 554 barcode 554
particle 555 barcode 555
particle 556 barcode 556
particle 557 barcode 557
particle 558 barcode 558
particle 559 barcode 559
particle 560 barcode 560
particle 561 barcode 561
particle 562 barcode 562
particle 563 barcode 563
particle 564 barcode 564
particle 565 barcode 565
particle 566 barcode 566
particle 567 barcode 567
particle 568 barcode 568
particle 569 barcode 569
particle 570 barcode 570
particle 571 barcode 571
particle 572 barcode 572
particle 573 barcode 573
particle 574 barcode 574
particle 575 barcode 575
particle 576 barcode 576
particle 577 barcode 577
particle 578 barcode 578
particle 579 barcode 579
particle 580 barcode 580
particle 581 barcode 581
particle 582 barcode 582
particle 583 barcode 583
particle 584 barcode 584
particle 585 barcode 585
particle 586 barcode 586
particle 587 barcode 587
particle 588 barcode 588
particle 589 barcode 589
particle 590 barcode 590
particle 591 barcode 591
particle 592 barcode 592
particle 593 barcode 593
particle 594 barcode 594
particle 595 barcode 595
particle 596 barcode 596
particle 597 barcode 597
particle 598 barcode 598
particle 599 barcode 599
particle 600 barcode 600
particle 601 barcode 601
particle 602 barcode 602
particle 603 barcode 603
particle 604 barcode 604
particle 605 barcode 605
particle 606 barcode 606
particle 607 barcode 607
particle 608 barcode 608
particle 609 barcode 609
particle 610 barcode 610
particle 611 barcode 611
particle 612 barcode 612
particle 613 barcode 613
particle 614 barcode 614
particle 615 barcode 615
particle 616 barcode 616
particle 617 barcode 617
particle 618 barcode 618
particle 619 barcode 619
particle 620 barcode 620
particle 621 barcode 621
particle 622 barcode 622
particle 623 barcode 623
particle 624 barcode 624
particle 625 barcode 625
particle 626 barcode 626
particle 627 barcode 627
particle 628 barcode 628
particle 629 barcode 629
particle 630 barcode 630
particle 631 barcode 631
particle 632 barcode 632
particle 633 barcode 633
particle 634 barcode 634
particle 635 barcode 635
particle 636 barcode 636
particle 637 barcode 637
particle 638 barcode 638
particle 639 barcode 639
particle 640 barcode 640
particle 641 barcode 641
particle 642 barcode 642
particle 643 barcode 643
particle 644 barcode 644
particle 645 barcode 645
particle 646 barcode 646
particle 647 barcode 647
particle 648 barcode 648
particle 649 barcode 649
particle 650 barcode 650
particle 651 barcode 651
particle 652 barcode 652
particle 653 barcode 653
particle 654 barcode 654
particle 655 barcode 655
particle 656 barcode 656
particle 657 barcode 657
particle 658 barcode 658
particle 659 barcode 659
particle 660 barcode 660
particle 661 barcode 661
particle 662 barcode 662
particle 663 barcode 663
particle 664 barcode 664
particle 665 barcode 665
particle 666 barcode 666
particle 667 barcode 667
particle 668 barcode 668
particle 669 barcode 669
particle 670 barcode 670
particle 671 barcode 671
particle 672 barcode 672
particle 673 barcode 673
particle 674 barcode 674
particle 675 barcode 675
particle 676 barcode 676
particle 677 barcode 677
particle 678 barcode 678
particle 679 barcode 679
particle 680 barcode 680
particle 681 barcode 681
particle 682 barcode 682
particle 683 barcode 683
particle 684 barcode 684
particle 685 barcode 685
particle 686 barcode 686
particle 687 barcode 687
particle 688 barcode 688
particle 689 barcode 689
particle 690 barcode 690
particle 691 barcode 691
particle 692 barcode 692
particle 693 barcode 693
particle 694 barcode 694
particle 695 barcode 695
particle 696 barcode 696
particle 697 barcode 697
particle 698 barcode 698
particle 699 barcode 699
particle 700 barcode 700
particle 701 barcode 701
particle 702 barcode 702
particle 703 barcode 703
particle 704 barcode 704
particle 705 barcode 705
particle 706 barcode 706
particle 707 barcode 707
particle 708 barcode 708
particle 709 barcode 709
particle 710 barcode 710
particle 711 barcode 711
particle 712 barcode 712
particle 713 barcode 713
particle 714 barcode 714
particle 715 barcode 715
particle 716 barcode 716
particle 717 barcode 717
particle 718 barcode 718
particle 719 barcode 719
particle 720 barcode 720
particle 721 barcode 721
particle 722 barcode 722
particle 723 barcode 723
particle 724 barcode 724
particle 725 barcode 725
particle 726 barcode 726
particle 727 barcode 727
particle 728 barcode 728
particle 729 barcode 729
particle 730 barcode 730
particle 731 barcode 731
particle 732 barcode 732
particle 733 barcode 733
particle 734 barcode 734
particle 735 barcode 735
particle 736 barcode 736
particle 737 barcode 737
particle 738 barcode 738
particle 739 barcode 739
particle 740 barcode 740
particle 741 barcode 741
particle 742 barcode 742
particle 743 barcode 743
particle 744 barcode 744
particle 745 barcode 745
particle 746 barcode 746
particle 747 barcode 747
particle 748 barcode 748
particle 749 barcode 749
particle 750 barcode 750
particle 751 barcode 751
particle 752 barcode 752
particle 753 barcode 753
particle 754 barcode 754
particle 755 barcode 755
particle 756 barcode 756
particle 757 barcode 757
particle 758 barcode 758
particle 759 barcode 759
particle 760 barcode 760
particle 761 barcode 761
particle 762 barcode 762
particle 763 barcode 763
particle 764 barcode 764
particle 765 barcode 765
particle 766 barcode 766
particle 767 barcode 767
particle 768 barcode 768
particle 769 barcode 769
particle 770 barcode 770
particle 771 barcode 771
particle 772 barcode 772
particle 773 barcode 773
particle 774 barcode 774
particle 775 barcode 775
particle 776 barcode 776
particle 777 barcode 777
particle 778 barcode 778
particle 779 barcode 779
particle 780 barcode 780
particle 781 barcode 781
particle 782 barcode 782
particle 783 barcode 783
particle 784 barcode 784
particle 785 barcode 785
particle 786 barcode 786
particle 787 barcode 787
particle 788 barcode 788
particle 789 barcode 789
particle 790 barcode 790
particle 791 barcode 791
particle 792 barcode 792
particle 793 barcode 793
particle 794 barcode 794
particle 795 barcode 795
particle 796 barcode 796
particle 797 barcode 797
particle 798 barcode 798
particle 799 barcode 799
particle 800 barcode 800
particle 801 barcode 801
particle 802 barcode 802
particle 803 barcode 803
particle 804 barcode 804
particle 805 barcode 805
particle 806 barcode 806
particle 807 barcode 807
particle 808 barcode 808
particle 809 barcode 809
particle 810 barcode 810
particle 811 barcode 811
particle 812 barcode 812
particle 813 barcode 813
particle 814 barcode 814
particle 815 barcode 815
particle 816 barcode 816
particle 817 barcode 817
particle 818 barcode 818
particle 819 barcode 819
particle 820 barcode 820
particle 821 barcode 821
particle 822 barcode 822
particle 823 barcode 823
particle 824 barcode 824
particle 825 barcode 825
particle 826 barcode 826
particle 827 barcode 827
particle 828 barcode 828
particle 829 barcode 829
particle 830 barcode 830
particle 831 barcode 831
particle 832 barcode 832
particle 833 barcode 833
particle 834 barcode 834
particle 835 barcode 835
particle 836 barcode 836
particle 837 barcode 837
particle 838 barcode 838
particle 839 barcode 839
particle 840 barcode 840
particle 841 barcode 841
particle 842 barcode 842
particle 843 barcode 843
particle 844 barcode 844
particle 845 barcode 845
particle 846 barcode 846
particle 847 barcode 847
particle 848 barcode 848
particle 849 barcode 849
particle 850 barcode 850
particle 851 barcode 851
particle 852 barcode 852
particle 853 barcode 853
particle 854 barcode 854
particle 855 barcode 855
particle 856 barcode 856
particle 857 barcode 857
particle 858 barcode 858
particle 859 barcode 859
particle 860 barcode 860
particle 861 barcode 861
particle 862 barcode 862
particle 863 barcode 863
particle 864 barcode 864
particle 865 barcode 865
particle 866 barcode 866
particle 867 barcode 867
particle 868 barcode 868
particle 869 barcode 869
particle 870 barcode 870
particle 871 barcode 871
particle 872 barcode 872
particle 873 barcode 873
particle 874 barcode 874
particle 875 barcode 875
particle 876 barcode 876
particle 877 barcode 877
particle 878 barcode 878
particle 879 barcode 879
particle 880 barcode 880
particle 881 barcode 881
particle 882 barcode 882
particle 883 barcode 883
particle 884 barcode 884
particle 885 barcode 885
particle 886 barcode 886
particle 887 barcode 887
particle 888 barcode 888
particle 889 barcode 889
particle 890 barcode 890
particle 891 barcode 891
particle 892 barcode 892
particle 893 barcode 893
particle 894 barcode 894
particle 895 barcode 895
particle 896 barcode 896
particle 897 barcode 897
particle 898 barcode 898
particle 899 barcode 899
particle 900 barcode 900
particle 901 barcode 901
particle 902 barcode 902
particle 903 barcode 903
particle 904 barcode 904
particle 905 barcode 905
particle 906 barcode 906
particle 907 barcode 907
particle 908 barcode 908
particle 909 barcode 909
particle 910 barcode 910
particle 911 barcode 911
particle 912 barcode 912
particle 913 barcode 913
particle 914 barcode 914
particle 915 barcode 915
particle 916 barcode 916
particle 917 barcode 917
particle 918 barcode 918
particle 919 barcode 919
particle 920 barcode 920
particle 921 barcode 921
particle 922 barcode 922
particle 923 barcode 923
particle 924 barcode 924
particle 925 barcode 925
particle 926 barcode 926
particle 927 barcode 927
particle 928 barcode 928
particle 929 barcode 929

1 out of 5 processed events passed the cuts.

 GenEvent copy constructor passes the test

event number for evt5: 1
event number for evt6: 0
event number for evt6 after copy: 1

 GenEvent operator= passes the test

event number for evt5: 3
event number for evt6: 5
before swap, evt5 has: 127 vertices and 374 particles
before swap, evt6 has: 267 vertices and 784 particles
before swap, evt7 has: 127 vertices and 374 particles
before swap, evt8 has: 267 vertices and 784 particles
event number for evt5 after swap: 5
event number for evt6 after swap: 3
after swap, evt6 has: 127 vertices and 374 particles
after swap, evt7 has: 127 vertices and 374 particles
after swap, evt5 has: 267 vertices and 784 particles
after swap, evt8 has: 267 vertices and 784 particles

 GenEvent swap passes the test

